[0.018s] Invoking command in '/home/yang/demo_ws/src/demo2/build/demo2': CMAKE_PREFIX_PATH=${CMAKE_PREFIX_PATH}:/home/yang/dobot_ws/install/servo_action:/home/yang/dobot_ws/install/dobot_moveit:/home/yang/dobot_ws/install/dobot_demo:/opt/ros/humble /usr/bin/cmake /home/yang/demo_ws/src/demo2 -DCMAKE_INSTALL_PREFIX=/home/yang/demo_ws/src/demo2/install/demo2
[0.125s] -- The C compiler identification is GNU 11.4.0
[0.224s] -- The CXX compiler identification is GNU 11.4.0
[0.238s] -- Detecting C compiler ABI info
[0.356s] -- Detecting C compiler ABI info - done
[0.374s] -- Check for working C compiler: /usr/bin/cc - skipped
[0.374s] -- Detecting C compile features
[0.374s] -- Detecting C compile features - done
[0.381s] -- Detecting CXX compiler ABI info
[0.541s] -- Detecting CXX compiler ABI info - done
[0.551s] -- Check for working CXX compiler: /usr/bin/c++ - skipped
[0.551s] -- Detecting CXX compile features
[0.551s] -- Detecting CXX compile features - done
[0.558s] -- Found ament_cmake: 1.3.14 (/opt/ros/humble/share/ament_cmake/cmake)
[0.781s] -- Found Python3: /usr/bin/python3 (found version "3.10.12") found components: Interpreter 
[0.943s] -- Found rclcpp: 16.0.19 (/opt/ros/humble/share/rclcpp/cmake)
[1.028s] -- Found rosidl_generator_c: 3.1.8 (/opt/ros/humble/share/rosidl_generator_c/cmake)
[1.038s] -- Found rosidl_adapter: 3.1.8 (/opt/ros/humble/share/rosidl_adapter/cmake)
[1.053s] -- Found rosidl_generator_cpp: 3.1.8 (/opt/ros/humble/share/rosidl_generator_cpp/cmake)
[1.074s] -- Using all available rosidl_typesupport_c: rosidl_typesupport_fastrtps_c;rosidl_typesupport_introspection_c
[1.100s] -- Using all available rosidl_typesupport_cpp: rosidl_typesupport_fastrtps_cpp;rosidl_typesupport_introspection_cpp
[1.178s] -- Found rmw_implementation_cmake: 6.1.2 (/opt/ros/humble/share/rmw_implementation_cmake/cmake)
[1.183s] -- Found rmw_fastrtps_cpp: 6.2.10 (/opt/ros/humble/share/rmw_fastrtps_cpp/cmake)
[1.320s] -- Found OpenSSL: /usr/lib/x86_64-linux-gnu/libcrypto.so (found version "3.0.2")  
[1.358s] -- Found FastRTPS: /opt/ros/humble/include  
[1.412s] -- Using RMW implementation 'rmw_fastrtps_cpp' as default
[1.429s] -- Looking for pthread.h
[1.527s] -- Looking for pthread.h - found
[1.527s] -- Performing Test CMAKE_HAVE_LIBC_PTHREAD
[1.620s] -- Performing Test CMAKE_HAVE_LIBC_PTHREAD - Success
[1.621s] -- Found Threads: TRUE  
[1.680s] -- Found sensor_msgs: 4.9.1 (/opt/ros/humble/share/sensor_msgs/cmake)
[1.713s] -- Found ament_lint_auto: 0.12.15 (/opt/ros/humble/share/ament_lint_auto/cmake)
[1.824s] -- Added test 'cppcheck' to perform static code analysis on C / C++ code
[1.824s] -- Configured cppcheck include dirs: 
[1.824s] -- Configured cppcheck exclude dirs and/or files: 
[1.827s] -- Added test 'flake8' to check Python code syntax and style conventions
[1.831s] -- Added test 'lint_cmake' to check CMake code style
[1.834s] -- Added test 'pep257' to check Python code against some of the docstring style conventions in PEP 257
[1.850s] -- Added test 'uncrustify' to check C / C++ code style
[1.851s] -- Configured uncrustify additional arguments: 
[1.853s] -- Added test 'xmllint' to check XML markup files
[1.856s] -- Configuring done
[1.861s] -- Generating done
[1.863s] -- Build files have been written to: /home/yang/demo_ws/src/demo2/build/demo2
[1.876s] Invoked command in '/home/yang/demo_ws/src/demo2/build/demo2' returned '0': CMAKE_PREFIX_PATH=${CMAKE_PREFIX_PATH}:/home/yang/dobot_ws/install/servo_action:/home/yang/dobot_ws/install/dobot_moveit:/home/yang/dobot_ws/install/dobot_demo:/opt/ros/humble /usr/bin/cmake /home/yang/demo_ws/src/demo2 -DCMAKE_INSTALL_PREFIX=/home/yang/demo_ws/src/demo2/install/demo2
[1.878s] Invoking command in '/home/yang/demo_ws/src/demo2/build/demo2': CMAKE_PREFIX_PATH=${CMAKE_PREFIX_PATH}:/home/yang/dobot_ws/install/servo_action:/home/yang/dobot_ws/install/dobot_moveit:/home/yang/dobot_ws/install/dobot_demo:/opt/ros/humble /usr/bin/cmake --build /home/yang/demo_ws/src/demo2/build/demo2 -- -j12 -l12
[1.933s] Invoked command in '/home/yang/demo_ws/src/demo2/build/demo2' returned '0': CMAKE_PREFIX_PATH=${CMAKE_PREFIX_PATH}:/home/yang/dobot_ws/install/servo_action:/home/yang/dobot_ws/install/dobot_moveit:/home/yang/dobot_ws/install/dobot_demo:/opt/ros/humble /usr/bin/cmake --build /home/yang/demo_ws/src/demo2/build/demo2 -- -j12 -l12
[1.946s] Invoking command in '/home/yang/demo_ws/src/demo2/build/demo2': CMAKE_PREFIX_PATH=${CMAKE_PREFIX_PATH}:/home/yang/dobot_ws/install/servo_action:/home/yang/dobot_ws/install/dobot_moveit:/home/yang/dobot_ws/install/dobot_demo:/opt/ros/humble /usr/bin/cmake --install /home/yang/demo_ws/src/demo2/build/demo2
[1.956s] -- Install configuration: ""
[1.956s] -- Installing: /home/yang/demo_ws/src/demo2/install/demo2/lib/demo2/demo.py
[1.956s] -- Installing: /home/yang/demo_ws/src/demo2/install/demo2/lib/demo2/test.py
[1.957s] -- Installing: /home/yang/demo_ws/src/demo2/install/demo2/lib/demo2/body_yolo.py
[1.957s] -- Installing: /home/yang/demo_ws/src/demo2/install/demo2/lib/demo2/arm_driver.py
[1.957s] -- Installing: /home/yang/demo_ws/src/demo2/install/demo2/lib/demo2/position_to_angle.py
[1.957s] -- Installing: /home/yang/demo_ws/src/demo2/install/demo2/lib/demo2/arm_and_revo2.py
[1.957s] -- Installing: /home/yang/demo_ws/src/demo2/install/demo2/share/demo2/launch
[1.958s] -- Installing: /home/yang/demo_ws/src/demo2/install/demo2/share/demo2/launch/dual_arm.launch.xml
[1.958s] -- Installing: /home/yang/demo_ws/src/demo2/install/demo2/share/ament_index/resource_index/package_run_dependencies/demo2
[1.958s] -- Installing: /home/yang/demo_ws/src/demo2/install/demo2/share/ament_index/resource_index/parent_prefix_path/demo2
[1.958s] -- Installing: /home/yang/demo_ws/src/demo2/install/demo2/share/demo2/environment/ament_prefix_path.sh
[1.959s] -- Installing: /home/yang/demo_ws/src/demo2/install/demo2/share/demo2/environment/ament_prefix_path.dsv
[1.959s] -- Installing: /home/yang/demo_ws/src/demo2/install/demo2/share/demo2/environment/path.sh
[1.959s] -- Installing: /home/yang/demo_ws/src/demo2/install/demo2/share/demo2/environment/path.dsv
[1.959s] -- Installing: /home/yang/demo_ws/src/demo2/install/demo2/share/demo2/local_setup.bash
[1.959s] -- Installing: /home/yang/demo_ws/src/demo2/install/demo2/share/demo2/local_setup.sh
[1.959s] -- Installing: /home/yang/demo_ws/src/demo2/install/demo2/share/demo2/local_setup.zsh
[1.959s] -- Installing: /home/yang/demo_ws/src/demo2/install/demo2/share/demo2/local_setup.dsv
[1.960s] -- Installing: /home/yang/demo_ws/src/demo2/install/demo2/share/demo2/package.dsv
[1.960s] -- Installing: /home/yang/demo_ws/src/demo2/install/demo2/share/ament_index/resource_index/packages/demo2
[1.960s] -- Installing: /home/yang/demo_ws/src/demo2/install/demo2/share/demo2/cmake/demo2Config.cmake
[1.960s] -- Installing: /home/yang/demo_ws/src/demo2/install/demo2/share/demo2/cmake/demo2Config-version.cmake
[1.960s] -- Installing: /home/yang/demo_ws/src/demo2/install/demo2/share/demo2/package.xml
[1.963s] Invoked command in '/home/yang/demo_ws/src/demo2/build/demo2' returned '0': CMAKE_PREFIX_PATH=${CMAKE_PREFIX_PATH}:/home/yang/dobot_ws/install/servo_action:/home/yang/dobot_ws/install/dobot_moveit:/home/yang/dobot_ws/install/dobot_demo:/opt/ros/humble /usr/bin/cmake --install /home/yang/demo_ws/src/demo2/build/demo2
