-- Install configuration: ""
-- Up-to-date: /home/yang/demo_ws/src/demo2/install/demo2/lib/demo2/demo.py
-- Installing: /home/yang/demo_ws/src/demo2/install/demo2/lib/demo2/test.py
-- Up-to-date: /home/yang/demo_ws/src/demo2/install/demo2/lib/demo2/body_yolo.py
-- Up-to-date: /home/yang/demo_ws/src/demo2/install/demo2/lib/demo2/arm_driver.py
-- Up-to-date: /home/yang/demo_ws/src/demo2/install/demo2/lib/demo2/position_to_angle.py
-- Up-to-date: /home/yang/demo_ws/src/demo2/install/demo2/lib/demo2/arm_and_revo2.py
-- Up-to-date: /home/yang/demo_ws/src/demo2/install/demo2/share/demo2/launch
-- Up-to-date: /home/yang/demo_ws/src/demo2/install/demo2/share/demo2/launch/dual_arm.launch.xml
-- Up-to-date: /home/yang/demo_ws/src/demo2/install/demo2/share/ament_index/resource_index/package_run_dependencies/demo2
-- Up-to-date: /home/yang/demo_ws/src/demo2/install/demo2/share/ament_index/resource_index/parent_prefix_path/demo2
-- Up-to-date: /home/yang/demo_ws/src/demo2/install/demo2/share/demo2/environment/ament_prefix_path.sh
-- Up-to-date: /home/yang/demo_ws/src/demo2/install/demo2/share/demo2/environment/ament_prefix_path.dsv
-- Up-to-date: /home/yang/demo_ws/src/demo2/install/demo2/share/demo2/environment/path.sh
-- Up-to-date: /home/yang/demo_ws/src/demo2/install/demo2/share/demo2/environment/path.dsv
-- Up-to-date: /home/yang/demo_ws/src/demo2/install/demo2/share/demo2/local_setup.bash
-- Up-to-date: /home/yang/demo_ws/src/demo2/install/demo2/share/demo2/local_setup.sh
-- Up-to-date: /home/yang/demo_ws/src/demo2/install/demo2/share/demo2/local_setup.zsh
-- Up-to-date: /home/yang/demo_ws/src/demo2/install/demo2/share/demo2/local_setup.dsv
-- Up-to-date: /home/yang/demo_ws/src/demo2/install/demo2/share/demo2/package.dsv
-- Up-to-date: /home/yang/demo_ws/src/demo2/install/demo2/share/ament_index/resource_index/packages/demo2
-- Up-to-date: /home/yang/demo_ws/src/demo2/install/demo2/share/demo2/cmake/demo2Config.cmake
-- Up-to-date: /home/yang/demo_ws/src/demo2/install/demo2/share/demo2/cmake/demo2Config-version.cmake
-- Up-to-date: /home/yang/demo_ws/src/demo2/install/demo2/share/demo2/package.xml
