[0.105s] DEBUG:colcon:Command line arguments: ['/usr/bin/colcon', 'build']
[0.105s] DEBUG:colcon:Parsed command line arguments: Namespace(log_base=None, log_level=None, verb_name='build', build_base='build', install_base='install', merge_install=False, symlink_install=False, test_result_base=None, continue_on_error=False, executor='parallel', parallel_workers=12, event_handlers=None, ignore_user_meta=False, metas=['./colcon.meta'], base_paths=['.'], packages_ignore=None, packages_ignore_regex=None, paths=None, packages_up_to=None, packages_up_to_regex=None, packages_above=None, packages_above_and_dependencies=None, packages_above_depth=None, packages_select_by_dep=None, packages_skip_by_dep=None, packages_skip_up_to=None, packages_select_build_failed=False, packages_skip_build_finished=False, packages_select_test_failures=False, packages_skip_test_passed=False, packages_select=None, packages_skip=None, packages_select_regex=None, packages_skip_regex=None, packages_start=None, packages_end=None, allow_overriding=[], cmake_args=None, cmake_target=None, cmake_target_skip_unavailable=False, cmake_clean_cache=False, cmake_clean_first=False, cmake_force_configure=False, ament_cmake_args=None, catkin_cmake_args=None, catkin_skip_building_tests=False, verb_parser=<colcon_defaults.argument_parser.defaults.DefaultArgumentsDecorator object at 0x791b48e6af50>, verb_extension=<colcon_core.verb.build.BuildVerb object at 0x791b48e6a560>, main=<bound method BuildVerb.main of <colcon_core.verb.build.BuildVerb object at 0x791b48e6a560>>)
[0.349s] Level 1:colcon.colcon_core.package_discovery:discover_packages(colcon_meta) check parameters
[0.350s] Level 1:colcon.colcon_core.package_discovery:discover_packages(recursive) check parameters
[0.350s] Level 1:colcon.colcon_core.package_discovery:discover_packages(ignore) check parameters
[0.350s] Level 1:colcon.colcon_core.package_discovery:discover_packages(path) check parameters
[0.350s] Level 1:colcon.colcon_core.package_discovery:discover_packages(colcon_meta) discover
[0.350s] Level 1:colcon.colcon_core.package_discovery:discover_packages(recursive) discover
[0.350s] INFO:colcon.colcon_core.package_discovery:Crawling recursively for packages in '/home/yang/demo_ws/src/demo2'
[0.350s] Level 1:colcon.colcon_core.package_identification:_identify(.) by extensions ['ignore', 'ignore_ament_install']
[0.351s] Level 1:colcon.colcon_core.package_identification:_identify(.) by extension 'ignore'
[0.351s] Level 1:colcon.colcon_core.package_identification:_identify(.) by extension 'ignore_ament_install'
[0.351s] Level 1:colcon.colcon_core.package_identification:_identify(.) by extensions ['colcon_pkg']
[0.351s] Level 1:colcon.colcon_core.package_identification:_identify(.) by extension 'colcon_pkg'
[0.351s] Level 1:colcon.colcon_core.package_identification:_identify(.) by extensions ['colcon_meta']
[0.351s] Level 1:colcon.colcon_core.package_identification:_identify(.) by extension 'colcon_meta'
[0.351s] Level 1:colcon.colcon_core.package_identification:_identify(.) by extensions ['ros']
[0.351s] Level 1:colcon.colcon_core.package_identification:_identify(.) by extension 'ros'
[0.370s] DEBUG:colcon.colcon_core.package_identification:Package '.' with type 'ros.ament_cmake' and name 'demo2'
[0.370s] Level 1:colcon.colcon_core.package_discovery:discover_packages(recursive) using defaults
[0.370s] Level 1:colcon.colcon_core.package_discovery:discover_packages(ignore) discover
[0.370s] Level 1:colcon.colcon_core.package_discovery:discover_packages(ignore) using defaults
[0.370s] Level 1:colcon.colcon_core.package_discovery:discover_packages(path) discover
[0.370s] Level 1:colcon.colcon_core.package_discovery:discover_packages(path) using defaults
[0.424s] Level 1:colcon.colcon_core.package_discovery:discover_packages(prefix_path) check parameters
[0.424s] Level 1:colcon.colcon_core.package_discovery:discover_packages(prefix_path) discover
[0.430s] DEBUG:colcon.colcon_installed_package_information.package_discovery:Found 20 installed packages in /home/yang/dobot_ws/install
[0.434s] DEBUG:colcon.colcon_installed_package_information.package_discovery:Found 357 installed packages in /opt/ros/humble
[0.436s] Level 1:colcon.colcon_core.package_discovery:discover_packages(prefix_path) using defaults
[0.504s] Level 5:colcon.colcon_core.verb:set package 'demo2' build argument 'cmake_args' from command line to 'None'
[0.504s] Level 5:colcon.colcon_core.verb:set package 'demo2' build argument 'cmake_target' from command line to 'None'
[0.504s] Level 5:colcon.colcon_core.verb:set package 'demo2' build argument 'cmake_target_skip_unavailable' from command line to 'False'
[0.504s] Level 5:colcon.colcon_core.verb:set package 'demo2' build argument 'cmake_clean_cache' from command line to 'False'
[0.504s] Level 5:colcon.colcon_core.verb:set package 'demo2' build argument 'cmake_clean_first' from command line to 'False'
[0.504s] Level 5:colcon.colcon_core.verb:set package 'demo2' build argument 'cmake_force_configure' from command line to 'False'
[0.504s] Level 5:colcon.colcon_core.verb:set package 'demo2' build argument 'ament_cmake_args' from command line to 'None'
[0.504s] Level 5:colcon.colcon_core.verb:set package 'demo2' build argument 'catkin_cmake_args' from command line to 'None'
[0.504s] Level 5:colcon.colcon_core.verb:set package 'demo2' build argument 'catkin_skip_building_tests' from command line to 'False'
[0.504s] DEBUG:colcon.colcon_core.verb:Building package 'demo2' with the following arguments: {'ament_cmake_args': None, 'build_base': '/home/yang/demo_ws/src/demo2/build/demo2', 'catkin_cmake_args': None, 'catkin_skip_building_tests': False, 'cmake_args': None, 'cmake_clean_cache': False, 'cmake_clean_first': False, 'cmake_force_configure': False, 'cmake_target': None, 'cmake_target_skip_unavailable': False, 'install_base': '/home/yang/demo_ws/src/demo2/install/demo2', 'merge_install': False, 'path': '/home/yang/demo_ws/src/demo2', 'symlink_install': False, 'test_result_base': None}
[0.504s] INFO:colcon.colcon_core.executor:Executing jobs using 'parallel' executor
[0.506s] DEBUG:colcon.colcon_parallel_executor.executor.parallel:run_until_complete
[0.507s] INFO:colcon.colcon_ros.task.ament_cmake.build:Building ROS package in '/home/yang/demo_ws/src/demo2' with build type 'ament_cmake'
[0.507s] INFO:colcon.colcon_cmake.task.cmake.build:Building CMake package in '/home/yang/demo_ws/src/demo2'
[0.509s] INFO:colcon.colcon_core.plugin_system:Skipping extension 'colcon_core.shell.bat': Not used on non-Windows systems
[0.510s] INFO:colcon.colcon_core.shell:Skip shell extension 'powershell' for command environment: Not usable outside of PowerShell
[0.510s] DEBUG:colcon.colcon_core.shell:Skip shell extension 'dsv' for command environment
[0.526s] DEBUG:colcon.colcon_core.event_handler.log_command:Invoking command in '/home/yang/demo_ws/src/demo2/build/demo2': CMAKE_PREFIX_PATH=${CMAKE_PREFIX_PATH}:/home/yang/dobot_ws/install/servo_action:/home/yang/dobot_ws/install/dobot_moveit:/home/yang/dobot_ws/install/dobot_demo:/opt/ros/humble /usr/bin/cmake /home/yang/demo_ws/src/demo2 -DCMAKE_INSTALL_PREFIX=/home/yang/demo_ws/src/demo2/install/demo2
[2.383s] DEBUG:colcon.colcon_core.event_handler.log_command:Invoked command in '/home/yang/demo_ws/src/demo2/build/demo2' returned '0': CMAKE_PREFIX_PATH=${CMAKE_PREFIX_PATH}:/home/yang/dobot_ws/install/servo_action:/home/yang/dobot_ws/install/dobot_moveit:/home/yang/dobot_ws/install/dobot_demo:/opt/ros/humble /usr/bin/cmake /home/yang/demo_ws/src/demo2 -DCMAKE_INSTALL_PREFIX=/home/yang/demo_ws/src/demo2/install/demo2
[2.385s] DEBUG:colcon.colcon_core.event_handler.log_command:Invoking command in '/home/yang/demo_ws/src/demo2/build/demo2': CMAKE_PREFIX_PATH=${CMAKE_PREFIX_PATH}:/home/yang/dobot_ws/install/servo_action:/home/yang/dobot_ws/install/dobot_moveit:/home/yang/dobot_ws/install/dobot_demo:/opt/ros/humble /usr/bin/cmake --build /home/yang/demo_ws/src/demo2/build/demo2 -- -j12 -l12
[2.440s] DEBUG:colcon.colcon_core.event_handler.log_command:Invoked command in '/home/yang/demo_ws/src/demo2/build/demo2' returned '0': CMAKE_PREFIX_PATH=${CMAKE_PREFIX_PATH}:/home/yang/dobot_ws/install/servo_action:/home/yang/dobot_ws/install/dobot_moveit:/home/yang/dobot_ws/install/dobot_demo:/opt/ros/humble /usr/bin/cmake --build /home/yang/demo_ws/src/demo2/build/demo2 -- -j12 -l12
[2.454s] DEBUG:colcon.colcon_core.event_handler.log_command:Invoking command in '/home/yang/demo_ws/src/demo2/build/demo2': CMAKE_PREFIX_PATH=${CMAKE_PREFIX_PATH}:/home/yang/dobot_ws/install/servo_action:/home/yang/dobot_ws/install/dobot_moveit:/home/yang/dobot_ws/install/dobot_demo:/opt/ros/humble /usr/bin/cmake --install /home/yang/demo_ws/src/demo2/build/demo2
[2.469s] Level 1:colcon.colcon_core.environment:create_environment_scripts_only(demo2)
[2.470s] DEBUG:colcon.colcon_core.event_handler.log_command:Invoked command in '/home/yang/demo_ws/src/demo2/build/demo2' returned '0': CMAKE_PREFIX_PATH=${CMAKE_PREFIX_PATH}:/home/yang/dobot_ws/install/servo_action:/home/yang/dobot_ws/install/dobot_moveit:/home/yang/dobot_ws/install/dobot_demo:/opt/ros/humble /usr/bin/cmake --install /home/yang/demo_ws/src/demo2/build/demo2
[2.472s] Level 1:colcon.colcon_core.environment:checking '/home/yang/demo_ws/src/demo2/install/demo2' for CMake module files
[2.473s] Level 1:colcon.colcon_core.environment:checking '/home/yang/demo_ws/src/demo2/install/demo2' for CMake config files
[2.473s] Level 1:colcon.colcon_core.shell:create_environment_hook('demo2', 'cmake_prefix_path')
[2.473s] INFO:colcon.colcon_core.shell:Creating environment hook '/home/yang/demo_ws/src/demo2/install/demo2/share/demo2/hook/cmake_prefix_path.ps1'
[2.474s] INFO:colcon.colcon_core.shell:Creating environment descriptor '/home/yang/demo_ws/src/demo2/install/demo2/share/demo2/hook/cmake_prefix_path.dsv'
[2.474s] INFO:colcon.colcon_core.shell:Creating environment hook '/home/yang/demo_ws/src/demo2/install/demo2/share/demo2/hook/cmake_prefix_path.sh'
[2.475s] Level 1:colcon.colcon_core.environment:checking '/home/yang/demo_ws/src/demo2/install/demo2/lib'
[2.475s] Level 1:colcon.colcon_core.environment:checking '/home/yang/demo_ws/src/demo2/install/demo2/bin'
[2.475s] Level 1:colcon.colcon_core.environment:checking '/home/yang/demo_ws/src/demo2/install/demo2/lib/pkgconfig/demo2.pc'
[2.475s] Level 1:colcon.colcon_core.environment:checking '/home/yang/demo_ws/src/demo2/install/demo2/lib/python3.10/site-packages'
[2.475s] Level 1:colcon.colcon_core.environment:checking '/home/yang/demo_ws/src/demo2/install/demo2/bin'
[2.475s] INFO:colcon.colcon_core.shell:Creating package script '/home/yang/demo_ws/src/demo2/install/demo2/share/demo2/package.ps1'
[2.476s] INFO:colcon.colcon_core.shell:Creating package descriptor '/home/yang/demo_ws/src/demo2/install/demo2/share/demo2/package.dsv'
[2.477s] INFO:colcon.colcon_core.shell:Creating package script '/home/yang/demo_ws/src/demo2/install/demo2/share/demo2/package.sh'
[2.477s] INFO:colcon.colcon_core.shell:Creating package script '/home/yang/demo_ws/src/demo2/install/demo2/share/demo2/package.bash'
[2.478s] INFO:colcon.colcon_core.shell:Creating package script '/home/yang/demo_ws/src/demo2/install/demo2/share/demo2/package.zsh'
[2.478s] Level 1:colcon.colcon_core.environment:create_file_with_runtime_dependencies(/home/yang/demo_ws/src/demo2/install/demo2/share/colcon-core/packages/demo2)
[2.479s] Level 1:colcon.colcon_core.environment:create_environment_scripts_only(demo2)
[2.480s] Level 1:colcon.colcon_core.environment:checking '/home/yang/demo_ws/src/demo2/install/demo2' for CMake module files
[2.480s] Level 1:colcon.colcon_core.environment:checking '/home/yang/demo_ws/src/demo2/install/demo2' for CMake config files
[2.481s] Level 1:colcon.colcon_core.shell:create_environment_hook('demo2', 'cmake_prefix_path')
[2.481s] INFO:colcon.colcon_core.shell:Creating environment hook '/home/yang/demo_ws/src/demo2/install/demo2/share/demo2/hook/cmake_prefix_path.ps1'
[2.482s] INFO:colcon.colcon_core.shell:Creating environment descriptor '/home/yang/demo_ws/src/demo2/install/demo2/share/demo2/hook/cmake_prefix_path.dsv'
[2.482s] INFO:colcon.colcon_core.shell:Creating environment hook '/home/yang/demo_ws/src/demo2/install/demo2/share/demo2/hook/cmake_prefix_path.sh'
[2.483s] Level 1:colcon.colcon_core.environment:checking '/home/yang/demo_ws/src/demo2/install/demo2/lib'
[2.483s] Level 1:colcon.colcon_core.environment:checking '/home/yang/demo_ws/src/demo2/install/demo2/bin'
[2.483s] Level 1:colcon.colcon_core.environment:checking '/home/yang/demo_ws/src/demo2/install/demo2/lib/pkgconfig/demo2.pc'
[2.483s] Level 1:colcon.colcon_core.environment:checking '/home/yang/demo_ws/src/demo2/install/demo2/lib/python3.10/site-packages'
[2.483s] Level 1:colcon.colcon_core.environment:checking '/home/yang/demo_ws/src/demo2/install/demo2/bin'
[2.484s] INFO:colcon.colcon_core.shell:Creating package script '/home/yang/demo_ws/src/demo2/install/demo2/share/demo2/package.ps1'
[2.484s] INFO:colcon.colcon_core.shell:Creating package descriptor '/home/yang/demo_ws/src/demo2/install/demo2/share/demo2/package.dsv'
[2.484s] INFO:colcon.colcon_core.shell:Creating package script '/home/yang/demo_ws/src/demo2/install/demo2/share/demo2/package.sh'
[2.485s] INFO:colcon.colcon_core.shell:Creating package script '/home/yang/demo_ws/src/demo2/install/demo2/share/demo2/package.bash'
[2.485s] INFO:colcon.colcon_core.shell:Creating package script '/home/yang/demo_ws/src/demo2/install/demo2/share/demo2/package.zsh'
[2.486s] Level 1:colcon.colcon_core.environment:create_file_with_runtime_dependencies(/home/yang/demo_ws/src/demo2/install/demo2/share/colcon-core/packages/demo2)
[2.486s] DEBUG:colcon.colcon_parallel_executor.executor.parallel:closing loop
[2.486s] DEBUG:colcon.colcon_parallel_executor.executor.parallel:loop closed
[2.486s] DEBUG:colcon.colcon_parallel_executor.executor.parallel:run_until_complete finished with '0'
[2.486s] DEBUG:colcon.colcon_core.event_reactor:joining thread
[2.490s] INFO:colcon.colcon_core.plugin_system:Skipping extension 'colcon_notification.desktop_notification.terminal_notifier': Not used on non-Darwin systems
[2.490s] INFO:colcon.colcon_core.plugin_system:Skipping extension 'colcon_notification.desktop_notification.win32': Not used on non-Windows systems
[2.490s] INFO:colcon.colcon_notification.desktop_notification:Sending desktop notification using 'notify2'
[2.503s] DEBUG:colcon.colcon_core.event_reactor:joined thread
[2.503s] INFO:colcon.colcon_core.shell:Creating prefix script '/home/yang/demo_ws/src/demo2/install/local_setup.ps1'
[2.505s] INFO:colcon.colcon_core.shell:Creating prefix util module '/home/yang/demo_ws/src/demo2/install/_local_setup_util_ps1.py'
[2.506s] INFO:colcon.colcon_core.shell:Creating prefix chain script '/home/yang/demo_ws/src/demo2/install/setup.ps1'
[2.508s] INFO:colcon.colcon_core.shell:Creating prefix script '/home/yang/demo_ws/src/demo2/install/local_setup.sh'
[2.509s] INFO:colcon.colcon_core.shell:Creating prefix util module '/home/yang/demo_ws/src/demo2/install/_local_setup_util_sh.py'
[2.509s] INFO:colcon.colcon_core.shell:Creating prefix chain script '/home/yang/demo_ws/src/demo2/install/setup.sh'
[2.511s] INFO:colcon.colcon_core.shell:Creating prefix script '/home/yang/demo_ws/src/demo2/install/local_setup.bash'
[2.511s] INFO:colcon.colcon_core.shell:Creating prefix chain script '/home/yang/demo_ws/src/demo2/install/setup.bash'
[2.516s] INFO:colcon.colcon_core.shell:Creating prefix script '/home/yang/demo_ws/src/demo2/install/local_setup.zsh'
[2.517s] INFO:colcon.colcon_core.shell:Creating prefix chain script '/home/yang/demo_ws/src/demo2/install/setup.zsh'
